2026-07-06 16:08:44,297 [INFO] Class weights AMBIENCE#GENERAL: counts=[2224, 513, 92, 132] weights=[0.12200000137090683, 0.7269999980926514, 1.7170000076293945, 1.434000015258789]
2026-07-06 16:08:44,297 [INFO] Class weights DRINKS#PRICES: counts=[2859, 57, 13, 32] weights=[0.04399999976158142, 0.8930000066757202, 1.8700000047683716, 1.1920000314712524]
2026-07-06 16:08:44,297 [INFO] Class weights DRINKS#QUALITY: counts=[2847, 92, 12, 10] weights=[0.03799999877810478, 0.6010000109672546, 1.6649999618530273, 1.6959999799728394]
2026-07-06 16:08:44,298 [INFO] Class weights DRINKS#STYLE&OPTIONS: counts=[2859, 96, 4, 2] weights=[0.03799999877810478, 0.5860000252723694, 1.687999963760376, 1.687999963760376]
2026-07-06 16:08:44,298 [INFO] Class weights FOOD#PRICES: counts=[1560, 702, 133, 566] weights=[0.20200000703334808, 0.8610000014305115, 1.9780000448226929, 0.9589999914169312]
2026-07-06 16:08:44,299 [INFO] Class weights FOOD#QUALITY: counts=[303, 2313, 53, 292] weights=[0.3400000035762787, 0.35100001096725464, 2.319999933242798, 0.9890000224113464]
2026-07-06 16:08:44,299 [INFO] Class weights FOOD#STYLE&OPTIONS: counts=[1215, 1505, 88, 153] weights=[0.18000000715255737, 0.4620000123977661, 1.909999966621399, 1.4479999542236328]
2026-07-06 16:08:44,299 [INFO] Class weights LOCATION#GENERAL: counts=[2588, 133, 72, 168] weights=[0.0949999988079071, 1.2020000219345093, 1.6330000162124634, 1.069000005722046]
2026-07-06 16:08:44,299 [INFO] Class weights RESTAURANT#GENERAL: counts=[2106, 803, 25, 27] weights=[0.07000000029802322, 0.3240000009536743, 1.8380000591278076, 1.7680000066757202]
2026-07-06 16:08:44,299 [INFO] Class weights RESTAURANT#MISCELLANEOUS: counts=[2810, 83, 45, 23] weights=[0.0560000017285347, 0.9259999990463257, 1.2580000162124634, 1.7599999904632568]
2026-07-06 16:08:44,300 [INFO] Class weights RESTAURANT#PRICES: counts=[2698, 166, 23, 74] weights=[0.06599999964237213, 0.7590000033378601, 2.0390000343322754, 1.1369999647140503]
2026-07-06 16:08:44,300 [INFO] Class weights SERVICE#GENERAL: counts=[2166, 608, 110, 77] weights=[0.11699999868869781, 0.6299999952316284, 1.4819999933242798, 1.7710000276565552]
2026-07-06 16:08:44,300 [INFO] Đã set class weights theo phân bố train set.
2026-07-06 16:08:44,307 [INFO] Bắt đầu training trên device: cuda
2026-07-06 16:08:44,308 [INFO] Epochs=8, batch_size=16, lr=2e-05, max_len=192, num_aspects=12, grad_accum=1, amp=True
2026-07-06 16:08:44,308 [INFO] 
===== Epoch 1/8 =====
2026-07-06 16:08:44,558 [INFO] HTTP Request: GET https://huggingface.co/api/models/vinai/phobert-base/discussions?p=0 "HTTP/1.1 200 OK"
2026-07-06 16:08:44,844 [INFO] HTTP Request: GET https://huggingface.co/api/models/vinai/phobert-base/commits/refs%2Fpr%2F7 "HTTP/1.1 200 OK"
2026-07-06 16:08:45,113 [INFO] HTTP Request: HEAD https://huggingface.co/vinai/phobert-base/resolve/refs%2Fpr%2F7/model.safetensors.index.json "HTTP/1.1 404 Not Found"
2026-07-06 16:08:45,181 [INFO]   step 1/186 - loss: 0.2845
2026-07-06 16:08:45,394 [INFO] HTTP Request: HEAD https://huggingface.co/vinai/phobert-base/resolve/refs%2Fpr%2F7/model.safetensors "HTTP/1.1 302 Found"
2026-07-06 16:08:50,807 [INFO]   step 50/186 - loss: 0.3041
2026-07-06 16:08:56,436 [INFO]   step 100/186 - loss: 0.1666
2026-07-06 16:09:02,180 [INFO]   step 150/186 - loss: 0.2492
2026-07-06 16:09:06,278 [INFO] Train loss: 0.2290
2026-07-06 16:09:11,551 [INFO] Thresholds: [0.4, 0.5, 0.4, 0.5, 0.38, 0.28, 0.44, 0.4, 0.46, 0.38, 0.48, 0.46]
2026-07-06 16:09:11,551 [INFO] Val - loss: 0.1912 | Aspect P/R/F1: 0.4257/0.7947/0.5544 | Aspect+Polarity P/R/F1: 0.3342/0.6239/0.4353 | macro-F1: 0.2563
2026-07-06 16:09:11,981 [INFO] Saved checkpoint: models/checkpoints\checkpoint_epoch1.pt
2026-07-06 16:09:12,286 [INFO] New best model saved to: models/saved_models\best_model
2026-07-06 16:09:12,286 [INFO] 
===== Epoch 2/8 =====
2026-07-06 16:09:12,425 [INFO]   step 1/186 - loss: 0.1731
2026-07-06 16:09:18,045 [INFO]   step 50/186 - loss: 0.1555
2026-07-06 16:09:23,743 [INFO]   step 100/186 - loss: 0.2205
2026-07-06 16:09:29,377 [INFO]   step 150/186 - loss: 0.1892
2026-07-06 16:09:33,380 [INFO] Train loss: 0.1866
2026-07-06 16:09:38,545 [INFO] Thresholds: [0.5, 0.48, 0.36, 0.52, 0.38, 0.42, 0.5, 0.36, 0.44, 0.46, 0.44, 0.5]
2026-07-06 16:09:38,545 [INFO] Val - loss: 0.1592 | Aspect P/R/F1: 0.4426/0.7552/0.5581 | Aspect+Polarity P/R/F1: 0.3665/0.6253/0.4622 | macro-F1: 0.3089
2026-07-06 16:09:39,008 [INFO] Saved checkpoint: models/checkpoints\checkpoint_epoch2.pt
2026-07-06 16:09:39,347 [INFO] New best model saved to: models/saved_models\best_model
2026-07-06 16:09:39,347 [INFO] 
===== Epoch 3/8 =====
2026-07-06 16:09:39,485 [INFO]   step 1/186 - loss: 0.1511
2026-07-06 16:09:45,126 [INFO]   step 50/186 - loss: 0.1230
2026-07-06 16:09:50,707 [INFO]   step 100/186 - loss: 0.1477
2026-07-06 16:09:56,384 [INFO]   step 150/186 - loss: 0.1465
2026-07-06 16:10:00,478 [INFO] Train loss: 0.1680
2026-07-06 16:10:06,078 [INFO] Thresholds: [0.5, 0.42, 0.38, 0.42, 0.36, 0.24, 0.5, 0.32, 0.56, 0.42, 0.42, 0.56]
2026-07-06 16:10:06,078 [INFO] Val - loss: 0.1522 | Aspect P/R/F1: 0.4640/0.8019/0.5878 | Aspect+Polarity P/R/F1: 0.3791/0.6552/0.4803 | macro-F1: 0.3287
2026-07-06 16:10:06,589 [INFO] Saved checkpoint: models/checkpoints\checkpoint_epoch3.pt
2026-07-06 16:10:06,966 [INFO] New best model saved to: models/saved_models\best_model
2026-07-06 16:10:06,967 [INFO] 
===== Epoch 4/8 =====
2026-07-06 16:10:07,107 [INFO]   step 1/186 - loss: 0.1851
2026-07-06 16:10:13,019 [INFO]   step 50/186 - loss: 0.1326
2026-07-06 16:10:18,985 [INFO]   step 100/186 - loss: 0.1517
2026-07-06 16:10:24,987 [INFO]   step 150/186 - loss: 0.1819
2026-07-06 16:10:29,202 [INFO] Train loss: 0.1574
2026-07-06 16:10:34,721 [INFO] Thresholds: [0.5, 0.4, 0.32, 0.4, 0.42, 0.38, 0.46, 0.4, 0.54, 0.38, 0.42, 0.52]
2026-07-06 16:10:34,721 [INFO] Val - loss: 0.1454 | Aspect P/R/F1: 0.4659/0.7610/0.5779 | Aspect+Polarity P/R/F1: 0.4002/0.6538/0.4965 | macro-F1: 0.3538
2026-07-06 16:10:35,169 [INFO] Saved checkpoint: models/checkpoints\checkpoint_epoch4.pt
2026-07-06 16:10:35,530 [INFO] New best model saved to: models/saved_models\best_model
2026-07-06 16:10:35,530 [INFO] 
===== Epoch 5/8 =====
2026-07-06 16:10:35,685 [INFO]   step 1/186 - loss: 0.1560
2026-07-06 16:10:41,522 [INFO]   step 50/186 - loss: 0.1661
2026-07-06 16:10:47,453 [INFO]   step 100/186 - loss: 0.1645
2026-07-06 16:10:53,386 [INFO]   step 150/186 - loss: 0.1584
2026-07-06 16:10:57,623 [INFO] Train loss: 0.1506
2026-07-06 16:11:03,021 [INFO] Thresholds: [0.5, 0.4, 0.4, 0.38, 0.4, 0.4, 0.46, 0.4, 0.52, 0.32, 0.38, 0.52]
2026-07-06 16:11:03,021 [INFO] Val - loss: 0.1456 | Aspect P/R/F1: 0.4854/0.7827/0.5992 | Aspect+Polarity P/R/F1: 0.4175/0.6733/0.5154 | macro-F1: 0.3558
2026-07-06 16:11:03,463 [INFO] Saved checkpoint: models/checkpoints\checkpoint_epoch5.pt
2026-07-06 16:11:03,830 [INFO] New best model saved to: models/saved_models\best_model
2026-07-06 16:11:03,830 [INFO] 
===== Epoch 6/8 =====
2026-07-06 16:11:03,985 [INFO]   step 1/186 - loss: 0.0818
2026-07-06 16:11:09,871 [INFO]   step 50/186 - loss: 0.1923
2026-07-06 16:11:15,818 [INFO]   step 100/186 - loss: 0.2581
2026-07-06 16:11:21,745 [INFO]   step 150/186 - loss: 0.1426
2026-07-06 16:11:25,997 [INFO] Train loss: 0.1458
2026-07-06 16:11:31,428 [INFO] Thresholds: [0.54, 0.34, 0.26, 0.4, 0.42, 0.38, 0.48, 0.4, 0.56, 0.36, 0.46, 0.5]
2026-07-06 16:11:31,428 [INFO] Val - loss: 0.1452 | Aspect P/R/F1: 0.4414/0.7906/0.5665 | Aspect+Polarity P/R/F1: 0.3746/0.6709/0.4807 | macro-F1: 0.3510
2026-07-06 16:11:31,871 [INFO] Saved checkpoint: models/checkpoints\checkpoint_epoch6.pt
2026-07-06 16:11:31,871 [INFO] 
===== Epoch 7/8 =====
2026-07-06 16:11:32,020 [INFO]   step 1/186 - loss: 0.1272
2026-07-06 16:11:37,745 [INFO]   step 50/186 - loss: 0.1182
2026-07-06 16:11:43,536 [INFO]   step 100/186 - loss: 0.1623
2026-07-06 16:11:49,340 [INFO]   step 150/186 - loss: 0.1020
2026-07-06 16:11:53,525 [INFO] Train loss: 0.1422
2026-07-06 16:11:58,944 [INFO] Thresholds: [0.54, 0.4, 0.32, 0.4, 0.44, 0.42, 0.5, 0.4, 0.54, 0.34, 0.42, 0.46]
2026-07-06 16:11:58,945 [INFO] Val - loss: 0.1441 | Aspect P/R/F1: 0.4517/0.7801/0.5721 | Aspect+Polarity P/R/F1: 0.3891/0.6721/0.4929 | macro-F1: 0.3520
2026-07-06 16:11:59,408 [INFO] Saved checkpoint: models/checkpoints\checkpoint_epoch7.pt
2026-07-06 16:11:59,408 [INFO] 
===== Epoch 8/8 =====
2026-07-06 16:11:59,550 [INFO]   step 1/186 - loss: 0.1881
2026-07-06 16:12:05,378 [INFO]   step 50/186 - loss: 0.1051
2026-07-06 16:12:11,278 [INFO]   step 100/186 - loss: 0.0573
2026-07-06 16:12:17,183 [INFO]   step 150/186 - loss: 0.1726
2026-07-06 16:12:21,373 [INFO] Train loss: 0.1404
2026-07-06 16:12:26,711 [INFO] Thresholds: [0.56, 0.42, 0.32, 0.42, 0.44, 0.46, 0.52, 0.42, 0.58, 0.38, 0.48, 0.52]
2026-07-06 16:12:26,711 [INFO] Val - loss: 0.1446 | Aspect P/R/F1: 0.4789/0.7383/0.5810 | Aspect+Polarity P/R/F1: 0.4169/0.6428/0.5058 | macro-F1: 0.3637
2026-07-06 16:12:27,157 [INFO] Saved checkpoint: models/checkpoints\checkpoint_epoch8.pt
2026-07-06 16:12:27,158 [INFO] Training hoàn tất.
2026-07-06 16:12:27,634 [INFO] HTTP Request: HEAD https://huggingface.co/vinai/phobert-base/resolve/main/config.json "HTTP/1.1 307 Temporary Redirect"
2026-07-06 16:12:27,665 [INFO] HTTP Request: HEAD https://huggingface.co/api/resolve-cache/models/vinai/phobert-base/c1e37c5c86f918761049cef6fa216b4779d0d01d/config.json "HTTP/1.1 200 OK"
